npm warn deprecated urix@0.1.0: Please see https://github.com/lydell/urix#deprecated
npm warn deprecated resolve-url@0.2.1: https://github.com/lydell/resolve-url#deprecated
npm warn deprecated har-validator@5.1.5: this library is no longer supported
npm warn deprecated chokidar@2.1.8: Chokidar 2 will break on node v14+. Upgrade to chokidar 3 with 15x less dependencies.
npm warn deprecated chokidar@2.1.8: Chokidar 2 will break on node v14+. Upgrade to chokidar 3 with 15x less dependencies.
npm warn deprecated fsevents@1.2.13: fsevents 1 will break on node v14+ and could be using insecure binaries. Upgrade to fsevents 2.
npm warn deprecated fsevents@1.2.13: fsevents 1 will break on node v14+ and could be using insecure binaries. Upgrade to fsevents 2.
npm warn deprecated highlight.js@9.18.5: Support has ended for 9.x series. Upgrade to @latest
npm warn deprecated @zeit/next-bundle-analyzer@0.0.3: The bundle analyzer has been moved to https://www.npmjs.com/package/@next/bundle-analyzer
npm warn deprecated @types/classnames@2.3.1: This is a stub types definition. classnames provides its own type definitions, so you do not need this installed.
npm warn deprecated mkdirp@0.5.3: Legacy versions of mkdirp are no longer supported. Please update to mkdirp 1.x. (Note that the API surface has changed to use Promises in 1.x.)
npm warn deprecated axios@0.5.4: Critical security vulnerability fixed in v0.21.1. For more information, see https://github.com/axios/axios/pull/3410

added 1668 packages in 11s
npm warn install-scripts 12 packages had install scripts blocked because they are not covered by allowScripts:
npm warn install-scripts   @ampproject/toolbox-optimizer@2.5.14 (postinstall: node lib/warmup.js)
npm warn install-scripts   core-js@3.6.5 (postinstall: node -e "try{require('./postinstall')}catch(e){}")
npm warn install-scripts   core-js-pure@3.10.2 (postinstall: node -e "try{require('./postinstall')}catch(e){}")
npm warn install-scripts   cypress@4.12.1 (postinstall: node index.js --exec install)
npm warn install-scripts   ejs@2.7.4 (postinstall: node ./postinstall.js)
npm warn install-scripts   fsevents@2.3.2 (install: (install scripts present))
npm warn install-scripts   highlight.js@9.18.5 (postinstall: node deprecated.js)
npm warn install-scripts   husky@4.3.8 (install: node husky install; postinstall: opencollective-postinstall || exit 0)
npm warn install-scripts   fsevents@1.2.13 (install: node install.js)
npm warn install-scripts   fsevents@2.3.2 (install: (install scripts present))
npm warn install-scripts   protobufjs@6.10.2 (postinstall: node scripts/postinstall)
npm warn install-scripts   fsevents@1.2.13 (install: node install.js)
npm warn install-scripts
npm warn install-scripts Run `npm install-scripts ls` to review, or `npm install-scripts approve <pkg>` to allow.
