npm notice run coronabingo@1.23.1 prebuild
npm notice run npm run validate-locales
npm notice run coronabingo@1.23.1 validate-locales
npm notice run ts-node scripts/validate-locales
🗂  Directory /Users/durancristhian/Repos/coronabingo-node24-investigation/locales/es
----  📄 File /Users/durancristhian/Repos/coronabingo-node24-investigation/locales/es/admin.json
----  📄 File /Users/durancristhian/Repos/coronabingo-node24-investigation/locales/es/common.json
----  📄 File /Users/durancristhian/Repos/coronabingo-node24-investigation/locales/es/index.json
----  📄 File /Users/durancristhian/Repos/coronabingo-node24-investigation/locales/es/playerId.json
----  📄 File /Users/durancristhian/Repos/coronabingo-node24-investigation/locales/es/roomId.json
🗂  Directory /Users/durancristhian/Repos/coronabingo-node24-investigation/locales/en
----  📄 File /Users/durancristhian/Repos/coronabingo-node24-investigation/locales/en/admin.json
----  📄 File /Users/durancristhian/Repos/coronabingo-node24-investigation/locales/en/common.json
----  📄 File /Users/durancristhian/Repos/coronabingo-node24-investigation/locales/en/index.json
----  📄 File /Users/durancristhian/Repos/coronabingo-node24-investigation/locales/en/playerId.json
----  📄 File /Users/durancristhian/Repos/coronabingo-node24-investigation/locales/en/roomId.json
✅ es en
✅ es en admin.json
✅ es en common.json
✅ es en index.json
✅ es en playerId.json
✅ es en roomId.json
npm notice run coronabingo@1.23.1 build
npm notice run next-translate && next build
Building pages | from pages_ to pages
🔨 /admin [ 'common' ]
🔨 /eventos/[eventId]/admin [ 'common' ]
🔨 /eventos/[eventId] [ 'common' ]
🔨 / [ 'common', 'index' ]
🔨 /room/[roomId]/[playerId] [ 'common', 'playerId' ]
🔨 /room/[roomId]/admin [ 'common', 'admin' ]
🔨 /room/[roomId] [ 'common', 'roomId' ]
Browserslist: caniuse-lite is outdated. Please run:
npx browserslist@latest --update-db
Creating an optimized production build...
Browserslist: caniuse-lite is outdated. Please run:
npx browserslist@latest --update-db
Error: error:0308010C:digital envelope routines::unsupported
    at new Hash (node:internal/crypto/hash:103:19)
    at Object.createHash (node:crypto:146:10)
    at module.exports (/Users/durancristhian/Repos/coronabingo-node24-investigation/node_modules/next/node_modules/webpack/lib/util/createHash.js:135:53)
    at NormalModule._initBuildHash (/Users/durancristhian/Repos/coronabingo-node24-investigation/node_modules/next/node_modules/webpack/lib/NormalModule.js:417:16)
    at handleParseError (/Users/durancristhian/Repos/coronabingo-node24-investigation/node_modules/next/node_modules/webpack/lib/NormalModule.js:471:10)
    at /Users/durancristhian/Repos/coronabingo-node24-investigation/node_modules/next/node_modules/webpack/lib/NormalModule.js:503:5
    at /Users/durancristhian/Repos/coronabingo-node24-investigation/node_modules/next/node_modules/webpack/lib/NormalModule.js:358:12
    at /Users/durancristhian/Repos/coronabingo-node24-investigation/node_modules/loader-runner/lib/LoaderRunner.js:373:3
    at iterateNormalLoaders (/Users/durancristhian/Repos/coronabingo-node24-investigation/node_modules/loader-runner/lib/LoaderRunner.js:214:10)
    at iterateNormalLoaders (/Users/durancristhian/Repos/coronabingo-node24-investigation/node_modules/loader-runner/lib/LoaderRunner.js:221:10)
Error: error:0308010C:digital envelope routines::unsupported
    at new Hash (node:internal/crypto/hash:103:19)
    at Object.createHash (node:crypto:146:10)
    at module.exports (/Users/durancristhian/Repos/coronabingo-node24-investigation/node_modules/next/node_modules/webpack/lib/util/createHash.js:135:53)
    at NormalModule._initBuildHash (/Users/durancristhian/Repos/coronabingo-node24-investigation/node_modules/next/node_modules/webpack/lib/NormalModule.js:417:16)
    at handleParseError (/Users/durancristhian/Repos/coronabingo-node24-investigation/node_modules/next/node_modules/webpack/lib/NormalModule.js:471:10)
    at /Users/durancristhian/Repos/coronabingo-node24-investigation/node_modules/next/node_modules/webpack/lib/NormalModule.js:503:5
    at /Users/durancristhian/Repos/coronabingo-node24-investigation/node_modules/next/node_modules/webpack/lib/NormalModule.js:358:12
    at /Users/durancristhian/Repos/coronabingo-node24-investigation/node_modules/loader-runner/lib/LoaderRunner.js:373:3
    at iterateNormalLoaders (/Users/durancristhian/Repos/coronabingo-node24-investigation/node_modules/loader-runner/lib/LoaderRunner.js:214:10)
    at iterateNormalLoaders (/Users/durancristhian/Repos/coronabingo-node24-investigation/node_modules/loader-runner/lib/LoaderRunner.js:221:10)
Error: error:0308010C:digital envelope routines::unsupported
    at new Hash (node:internal/crypto/hash:103:19)
    at Object.createHash (node:crypto:146:10)
    at module.exports (/Users/durancristhian/Repos/coronabingo-node24-investigation/node_modules/next/node_modules/webpack/lib/util/createHash.js:135:53)
    at NormalModule._initBuildHash (/Users/durancristhian/Repos/coronabingo-node24-investigation/node_modules/next/node_modules/webpack/lib/NormalModule.js:417:16)
    at handleParseError (/Users/durancristhian/Repos/coronabingo-node24-investigation/node_modules/next/node_modules/webpack/lib/NormalModule.js:471:10)
    at /Users/durancristhian/Repos/coronabingo-node24-investigation/node_modules/next/node_modules/webpack/lib/NormalModule.js:503:5
    at /Users/durancristhian/Repos/coronabingo-node24-investigation/node_modules/next/node_modules/webpack/lib/NormalModule.js:358:12
    at /Users/durancristhian/Repos/coronabingo-node24-investigation/node_modules/loader-runner/lib/LoaderRunner.js:373:3
    at iterateNormalLoaders (/Users/durancristhian/Repos/coronabingo-node24-investigation/node_modules/loader-runner/lib/LoaderRunner.js:214:10)
    at iterateNormalLoaders (/Users/durancristhian/Repos/coronabingo-node24-investigation/node_modules/loader-runner/lib/LoaderRunner.js:221:10)
Error: error:0308010C:digital envelope routines::unsupported
    at new Hash (node:internal/crypto/hash:103:19)
    at Object.createHash (node:crypto:146:10)
    at module.exports (/Users/durancristhian/Repos/coronabingo-node24-investigation/node_modules/next/node_modules/webpack/lib/util/createHash.js:135:53)
    at NormalModule._initBuildHash (/Users/durancristhian/Repos/coronabingo-node24-investigation/node_modules/next/node_modules/webpack/lib/NormalModule.js:417:16)
    at handleParseError (/Users/durancristhian/Repos/coronabingo-node24-investigation/node_modules/next/node_modules/webpack/lib/NormalModule.js:471:10)
    at /Users/durancristhian/Repos/coronabingo-node24-investigation/node_modules/next/node_modules/webpack/lib/NormalModule.js:503:5
    at /Users/durancristhian/Repos/coronabingo-node24-investigation/node_modules/next/node_modules/webpack/lib/NormalModule.js:358:12
    at /Users/durancristhian/Repos/coronabingo-node24-investigation/node_modules/loader-runner/lib/LoaderRunner.js:373:3
    at iterateNormalLoaders (/Users/durancristhian/Repos/coronabingo-node24-investigation/node_modules/loader-runner/lib/LoaderRunner.js:214:10)
    at iterateNormalLoaders (/Users/durancristhian/Repos/coronabingo-node24-investigation/node_modules/loader-runner/lib/LoaderRunner.js:221:10)
Error: error:0308010C:digital envelope routines::unsupported
    at new Hash (node:internal/crypto/hash:103:19)
    at Object.createHash (node:crypto:146:10)
    at module.exports (/Users/durancristhian/Repos/coronabingo-node24-investigation/node_modules/next/node_modules/webpack/lib/util/createHash.js:135:53)
    at NormalModule._initBuildHash (/Users/durancristhian/Repos/coronabingo-node24-investigation/node_modules/next/node_modules/webpack/lib/NormalModule.js:417:16)
    at handleParseError (/Users/durancristhian/Repos/coronabingo-node24-investigation/node_modules/next/node_modules/webpack/lib/NormalModule.js:471:10)
    at /Users/durancristhian/Repos/coronabingo-node24-investigation/node_modules/next/node_modules/webpack/lib/NormalModule.js:503:5
    at /Users/durancristhian/Repos/coronabingo-node24-investigation/node_modules/next/node_modules/webpack/lib/NormalModule.js:358:12
    at /Users/durancristhian/Repos/coronabingo-node24-investigation/node_modules/loader-runner/lib/LoaderRunner.js:373:3
    at iterateNormalLoaders (/Users/durancristhian/Repos/coronabingo-node24-investigation/node_modules/loader-runner/lib/LoaderRunner.js:214:10)
    at iterateNormalLoaders (/Users/durancristhian/Repos/coronabingo-node24-investigation/node_modules/loader-runner/lib/LoaderRunner.js:221:10)
Error: error:0308010C:digital envelope routines::unsupported
    at new Hash (node:internal/crypto/hash:103:19)
    at Object.createHash (node:crypto:146:10)
    at module.exports (/Users/durancristhian/Repos/coronabingo-node24-investigation/node_modules/next/node_modules/webpack/lib/util/createHash.js:135:53)
    at NormalModule._initBuildHash (/Users/durancristhian/Repos/coronabingo-node24-investigation/node_modules/next/node_modules/webpack/lib/NormalModule.js:417:16)
    at handleParseError (/Users/durancristhian/Repos/coronabingo-node24-investigation/node_modules/next/node_modules/webpack/lib/NormalModule.js:471:10)
    at /Users/durancristhian/Repos/coronabingo-node24-investigation/node_modules/next/node_modules/webpack/lib/NormalModule.js:503:5
    at /Users/durancristhian/Repos/coronabingo-node24-investigation/node_modules/next/node_modules/webpack/lib/NormalModule.js:358:12
    at /Users/durancristhian/Repos/coronabingo-node24-investigation/node_modules/loader-runner/lib/LoaderRunner.js:373:3
    at iterateNormalLoaders (/Users/durancristhian/Repos/coronabingo-node24-investigation/node_modules/loader-runner/lib/LoaderRunner.js:214:10)
    at iterateNormalLoaders (/Users/durancristhian/Repos/coronabingo-node24-investigation/node_modules/loader-runner/lib/LoaderRunner.js:221:10)
Error: error:0308010C:digital envelope routines::unsupported
    at new Hash (node:internal/crypto/hash:103:19)
    at Object.createHash (node:crypto:146:10)
    at module.exports (/Users/durancristhian/Repos/coronabingo-node24-investigation/node_modules/next/node_modules/webpack/lib/util/createHash.js:135:53)
    at NormalModule._initBuildHash (/Users/durancristhian/Repos/coronabingo-node24-investigation/node_modules/next/node_modules/webpack/lib/NormalModule.js:417:16)
    at handleParseError (/Users/durancristhian/Repos/coronabingo-node24-investigation/node_modules/next/node_modules/webpack/lib/NormalModule.js:471:10)
    at /Users/durancristhian/Repos/coronabingo-node24-investigation/node_modules/next/node_modules/webpack/lib/NormalModule.js:503:5
    at /Users/durancristhian/Repos/coronabingo-node24-investigation/node_modules/next/node_modules/webpack/lib/NormalModule.js:358:12
    at /Users/durancristhian/Repos/coronabingo-node24-investigation/node_modules/loader-runner/lib/LoaderRunner.js:373:3
    at iterateNormalLoaders (/Users/durancristhian/Repos/coronabingo-node24-investigation/node_modules/loader-runner/lib/LoaderRunner.js:214:10)
    at iterateNormalLoaders (/Users/durancristhian/Repos/coronabingo-node24-investigation/node_modules/loader-runner/lib/LoaderRunner.js:221:10)
Error: error:0308010C:digital envelope routines::unsupported
    at new Hash (node:internal/crypto/hash:103:19)
    at Object.createHash (node:crypto:146:10)
    at module.exports (/Users/durancristhian/Repos/coronabingo-node24-investigation/node_modules/next/node_modules/webpack/lib/util/createHash.js:135:53)
    at NormalModule._initBuildHash (/Users/durancristhian/Repos/coronabingo-node24-investigation/node_modules/next/node_modules/webpack/lib/NormalModule.js:417:16)
    at handleParseError (/Users/durancristhian/Repos/coronabingo-node24-investigation/node_modules/next/node_modules/webpack/lib/NormalModule.js:471:10)
    at /Users/durancristhian/Repos/coronabingo-node24-investigation/node_modules/next/node_modules/webpack/lib/NormalModule.js:503:5
    at /Users/durancristhian/Repos/coronabingo-node24-investigation/node_modules/next/node_modules/webpack/lib/NormalModule.js:358:12
    at /Users/durancristhian/Repos/coronabingo-node24-investigation/node_modules/loader-runner/lib/LoaderRunner.js:373:3
    at iterateNormalLoaders (/Users/durancristhian/Repos/coronabingo-node24-investigation/node_modules/loader-runner/lib/LoaderRunner.js:214:10)
    at iterateNormalLoaders (/Users/durancristhian/Repos/coronabingo-node24-investigation/node_modules/loader-runner/lib/LoaderRunner.js:221:10)
Error: error:0308010C:digital envelope routines::unsupported
    at new Hash (node:internal/crypto/hash:103:19)
    at Object.createHash (node:crypto:146:10)
    at module.exports (/Users/durancristhian/Repos/coronabingo-node24-investigation/node_modules/next/node_modules/webpack/lib/util/createHash.js:135:53)
    at NormalModule._initBuildHash (/Users/durancristhian/Repos/coronabingo-node24-investigation/node_modules/next/node_modules/webpack/lib/NormalModule.js:417:16)
    at handleParseError (/Users/durancristhian/Repos/coronabingo-node24-investigation/node_modules/next/node_modules/webpack/lib/NormalModule.js:471:10)
    at /Users/durancristhian/Repos/coronabingo-node24-investigation/node_modules/next/node_modules/webpack/lib/NormalModule.js:503:5
    at /Users/durancristhian/Repos/coronabingo-node24-investigation/node_modules/next/node_modules/webpack/lib/NormalModule.js:358:12
    at /Users/durancristhian/Repos/coronabingo-node24-investigation/node_modules/loader-runner/lib/LoaderRunner.js:373:3
    at iterateNormalLoaders (/Users/durancristhian/Repos/coronabingo-node24-investigation/node_modules/loader-runner/lib/LoaderRunner.js:214:10)
    at iterateNormalLoaders (/Users/durancristhian/Repos/coronabingo-node24-investigation/node_modules/loader-runner/lib/LoaderRunner.js:221:10)
Error: error:0308010C:digital envelope routines::unsupported
    at new Hash (node:internal/crypto/hash:103:19)
    at Object.createHash (node:crypto:146:10)
    at module.exports (/Users/durancristhian/Repos/coronabingo-node24-investigation/node_modules/next/node_modules/webpack/lib/util/createHash.js:135:53)
    at NormalModule._initBuildHash (/Users/durancristhian/Repos/coronabingo-node24-investigation/node_modules/next/node_modules/webpack/lib/NormalModule.js:417:16)
    at handleParseError (/Users/durancristhian/Repos/coronabingo-node24-investigation/node_modules/next/node_modules/webpack/lib/NormalModule.js:471:10)
    at /Users/durancristhian/Repos/coronabingo-node24-investigation/node_modules/next/node_modules/webpack/lib/NormalModule.js:503:5
    at /Users/durancristhian/Repos/coronabingo-node24-investigation/node_modules/next/node_modules/webpack/lib/NormalModule.js:358:12
    at /Users/durancristhian/Repos/coronabingo-node24-investigation/node_modules/loader-runner/lib/LoaderRunner.js:373:3
    at iterateNormalLoaders (/Users/durancristhian/Repos/coronabingo-node24-investigation/node_modules/loader-runner/lib/LoaderRunner.js:214:10)
    at iterateNormalLoaders (/Users/durancristhian/Repos/coronabingo-node24-investigation/node_modules/loader-runner/lib/LoaderRunner.js:221:10)
Error: error:0308010C:digital envelope routines::unsupported
    at new Hash (node:internal/crypto/hash:103:19)
    at Object.createHash (node:crypto:146:10)
    at module.exports (/Users/durancristhian/Repos/coronabingo-node24-investigation/node_modules/next/node_modules/webpack/lib/util/createHash.js:135:53)
    at NormalModule._initBuildHash (/Users/durancristhian/Repos/coronabingo-node24-investigation/node_modules/next/node_modules/webpack/lib/NormalModule.js:417:16)
    at handleParseError (/Users/durancristhian/Repos/coronabingo-node24-investigation/node_modules/next/node_modules/webpack/lib/NormalModule.js:471:10)
    at /Users/durancristhian/Repos/coronabingo-node24-investigation/node_modules/next/node_modules/webpack/lib/NormalModule.js:503:5
    at /Users/durancristhian/Repos/coronabingo-node24-investigation/node_modules/next/node_modules/webpack/lib/NormalModule.js:358:12
    at /Users/durancristhian/Repos/coronabingo-node24-investigation/node_modules/loader-runner/lib/LoaderRunner.js:373:3
    at iterateNormalLoaders (/Users/durancristhian/Repos/coronabingo-node24-investigation/node_modules/loader-runner/lib/LoaderRunner.js:214:10)
    at iterateNormalLoaders (/Users/durancristhian/Repos/coronabingo-node24-investigation/node_modules/loader-runner/lib/LoaderRunner.js:221:10)
Error: error:0308010C:digital envelope routines::unsupported
    at new Hash (node:internal/crypto/hash:103:19)
    at Object.createHash (node:crypto:146:10)
    at module.exports (/Users/durancristhian/Repos/coronabingo-node24-investigation/node_modules/next/node_modules/webpack/lib/util/createHash.js:135:53)
    at NormalModule._initBuildHash (/Users/durancristhian/Repos/coronabingo-node24-investigation/node_modules/next/node_modules/webpack/lib/NormalModule.js:417:16)
    at handleParseError (/Users/durancristhian/Repos/coronabingo-node24-investigation/node_modules/next/node_modules/webpack/lib/NormalModule.js:471:10)
    at /Users/durancristhian/Repos/coronabingo-node24-investigation/node_modules/next/node_modules/webpack/lib/NormalModule.js:503:5
    at /Users/durancristhian/Repos/coronabingo-node24-investigation/node_modules/next/node_modules/webpack/lib/NormalModule.js:358:12
    at /Users/durancristhian/Repos/coronabingo-node24-investigation/node_modules/loader-runner/lib/LoaderRunner.js:373:3
    at iterateNormalLoaders (/Users/durancristhian/Repos/coronabingo-node24-investigation/node_modules/loader-runner/lib/LoaderRunner.js:214:10)
    at iterateNormalLoaders (/Users/durancristhian/Repos/coronabingo-node24-investigation/node_modules/loader-runner/lib/LoaderRunner.js:221:10)
Error: error:0308010C:digital envelope routines::unsupported
    at new Hash (node:internal/crypto/hash:103:19)
    at Object.createHash (node:crypto:146:10)
    at module.exports (/Users/durancristhian/Repos/coronabingo-node24-investigation/node_modules/next/node_modules/webpack/lib/util/createHash.js:135:53)
    at NormalModule._initBuildHash (/Users/durancristhian/Repos/coronabingo-node24-investigation/node_modules/next/node_modules/webpack/lib/NormalModule.js:417:16)
    at handleParseError (/Users/durancristhian/Repos/coronabingo-node24-investigation/node_modules/next/node_modules/webpack/lib/NormalModule.js:471:10)
    at /Users/durancristhian/Repos/coronabingo-node24-investigation/node_modules/next/node_modules/webpack/lib/NormalModule.js:503:5
    at /Users/durancristhian/Repos/coronabingo-node24-investigation/node_modules/next/node_modules/webpack/lib/NormalModule.js:358:12
    at /Users/durancristhian/Repos/coronabingo-node24-investigation/node_modules/loader-runner/lib/LoaderRunner.js:373:3
    at iterateNormalLoaders (/Users/durancristhian/Repos/coronabingo-node24-investigation/node_modules/loader-runner/lib/LoaderRunner.js:214:10)
    at iterateNormalLoaders (/Users/durancristhian/Repos/coronabingo-node24-investigation/node_modules/loader-runner/lib/LoaderRunner.js:221:10)
Error: error:0308010C:digital envelope routines::unsupported
    at new Hash (node:internal/crypto/hash:103:19)
    at Object.createHash (node:crypto:146:10)
    at module.exports (/Users/durancristhian/Repos/coronabingo-node24-investigation/node_modules/next/node_modules/webpack/lib/util/createHash.js:135:53)
    at NormalModule._initBuildHash (/Users/durancristhian/Repos/coronabingo-node24-investigation/node_modules/next/node_modules/webpack/lib/NormalModule.js:417:16)
    at handleParseError (/Users/durancristhian/Repos/coronabingo-node24-investigation/node_modules/next/node_modules/webpack/lib/NormalModule.js:471:10)
    at /Users/durancristhian/Repos/coronabingo-node24-investigation/node_modules/next/node_modules/webpack/lib/NormalModule.js:503:5
    at /Users/durancristhian/Repos/coronabingo-node24-investigation/node_modules/next/node_modules/webpack/lib/NormalModule.js:358:12
    at /Users/durancristhian/Repos/coronabingo-node24-investigation/node_modules/loader-runner/lib/LoaderRunner.js:373:3
    at iterateNormalLoaders (/Users/durancristhian/Repos/coronabingo-node24-investigation/node_modules/loader-runner/lib/LoaderRunner.js:214:10)
    at iterateNormalLoaders (/Users/durancristhian/Repos/coronabingo-node24-investigation/node_modules/loader-runner/lib/LoaderRunner.js:221:10)
Error: error:0308010C:digital envelope routines::unsupported
    at new Hash (node:internal/crypto/hash:103:19)
    at Object.createHash (node:crypto:146:10)
    at module.exports (/Users/durancristhian/Repos/coronabingo-node24-investigation/node_modules/next/node_modules/webpack/lib/util/createHash.js:135:53)
    at NormalModule._initBuildHash (/Users/durancristhian/Repos/coronabingo-node24-investigation/node_modules/next/node_modules/webpack/lib/NormalModule.js:417:16)
    at handleParseError (/Users/durancristhian/Repos/coronabingo-node24-investigation/node_modules/next/node_modules/webpack/lib/NormalModule.js:471:10)
    at /Users/durancristhian/Repos/coronabingo-node24-investigation/node_modules/next/node_modules/webpack/lib/NormalModule.js:503:5
    at /Users/durancristhian/Repos/coronabingo-node24-investigation/node_modules/next/node_modules/webpack/lib/NormalModule.js:358:12
    at /Users/durancristhian/Repos/coronabingo-node24-investigation/node_modules/loader-runner/lib/LoaderRunner.js:373:3
    at iterateNormalLoaders (/Users/durancristhian/Repos/coronabingo-node24-investigation/node_modules/loader-runner/lib/LoaderRunner.js:214:10)
    at iterateNormalLoaders (/Users/durancristhian/Repos/coronabingo-node24-investigation/node_modules/loader-runner/lib/LoaderRunner.js:221:10)
Error: error:0308010C:digital envelope routines::unsupported
    at new Hash (node:internal/crypto/hash:103:19)
    at Object.createHash (node:crypto:146:10)
    at module.exports (/Users/durancristhian/Repos/coronabingo-node24-investigation/node_modules/next/node_modules/webpack/lib/util/createHash.js:135:53)
    at NormalModule._initBuildHash (/Users/durancristhian/Repos/coronabingo-node24-investigation/node_modules/next/node_modules/webpack/lib/NormalModule.js:417:16)
    at handleParseError (/Users/durancristhian/Repos/coronabingo-node24-investigation/node_modules/next/node_modules/webpack/lib/NormalModule.js:471:10)
    at /Users/durancristhian/Repos/coronabingo-node24-investigation/node_modules/next/node_modules/webpack/lib/NormalModule.js:503:5
    at /Users/durancristhian/Repos/coronabingo-node24-investigation/node_modules/next/node_modules/webpack/lib/NormalModule.js:358:12
    at /Users/durancristhian/Repos/coronabingo-node24-investigation/node_modules/loader-runner/lib/LoaderRunner.js:373:3
    at iterateNormalLoaders (/Users/durancristhian/Repos/coronabingo-node24-investigation/node_modules/loader-runner/lib/LoaderRunner.js:214:10)
    at iterateNormalLoaders (/Users/durancristhian/Repos/coronabingo-node24-investigation/node_modules/loader-runner/lib/LoaderRunner.js:221:10)
Error: error:0308010C:digital envelope routines::unsupported
    at new Hash (node:internal/crypto/hash:103:19)
    at Object.createHash (node:crypto:146:10)
    at module.exports (/Users/durancristhian/Repos/coronabingo-node24-investigation/node_modules/next/node_modules/webpack/lib/util/createHash.js:135:53)
    at NormalModule._initBuildHash (/Users/durancristhian/Repos/coronabingo-node24-investigation/node_modules/next/node_modules/webpack/lib/NormalModule.js:417:16)
    at handleParseError (/Users/durancristhian/Repos/coronabingo-node24-investigation/node_modules/next/node_modules/webpack/lib/NormalModule.js:471:10)
    at /Users/durancristhian/Repos/coronabingo-node24-investigation/node_modules/next/node_modules/webpack/lib/NormalModule.js:503:5
    at /Users/durancristhian/Repos/coronabingo-node24-investigation/node_modules/next/node_modules/webpack/lib/NormalModule.js:358:12
    at /Users/durancristhian/Repos/coronabingo-node24-investigation/node_modules/loader-runner/lib/LoaderRunner.js:373:3
    at iterateNormalLoaders (/Users/durancristhian/Repos/coronabingo-node24-investigation/node_modules/loader-runner/lib/LoaderRunner.js:214:10)
    at iterateNormalLoaders (/Users/durancristhian/Repos/coronabingo-node24-investigation/node_modules/loader-runner/lib/LoaderRunner.js:221:10)
Error: error:0308010C:digital envelope routines::unsupported
    at new Hash (node:internal/crypto/hash:103:19)
    at Object.createHash (node:crypto:146:10)
    at module.exports (/Users/durancristhian/Repos/coronabingo-node24-investigation/node_modules/next/node_modules/webpack/lib/util/createHash.js:135:53)
    at NormalModule._initBuildHash (/Users/durancristhian/Repos/coronabingo-node24-investigation/node_modules/next/node_modules/webpack/lib/NormalModule.js:417:16)
    at handleParseError (/Users/durancristhian/Repos/coronabingo-node24-investigation/node_modules/next/node_modules/webpack/lib/NormalModule.js:471:10)
    at /Users/durancristhian/Repos/coronabingo-node24-investigation/node_modules/next/node_modules/webpack/lib/NormalModule.js:503:5
    at /Users/durancristhian/Repos/coronabingo-node24-investigation/node_modules/next/node_modules/webpack/lib/NormalModule.js:358:12
    at /Users/durancristhian/Repos/coronabingo-node24-investigation/node_modules/loader-runner/lib/LoaderRunner.js:373:3
    at iterateNormalLoaders (/Users/durancristhian/Repos/coronabingo-node24-investigation/node_modules/loader-runner/lib/LoaderRunner.js:214:10)
    at iterateNormalLoaders (/Users/durancristhian/Repos/coronabingo-node24-investigation/node_modules/loader-runner/lib/LoaderRunner.js:221:10)
Error: error:0308010C:digital envelope routines::unsupported
    at new Hash (node:internal/crypto/hash:103:19)
    at Object.createHash (node:crypto:146:10)
    at module.exports (/Users/durancristhian/Repos/coronabingo-node24-investigation/node_modules/next/node_modules/webpack/lib/util/createHash.js:135:53)
    at NormalModule._initBuildHash (/Users/durancristhian/Repos/coronabingo-node24-investigation/node_modules/next/node_modules/webpack/lib/NormalModule.js:417:16)
    at handleParseError (/Users/durancristhian/Repos/coronabingo-node24-investigation/node_modules/next/node_modules/webpack/lib/NormalModule.js:471:10)
    at /Users/durancristhian/Repos/coronabingo-node24-investigation/node_modules/next/node_modules/webpack/lib/NormalModule.js:503:5
    at /Users/durancristhian/Repos/coronabingo-node24-investigation/node_modules/next/node_modules/webpack/lib/NormalModule.js:358:12
    at /Users/durancristhian/Repos/coronabingo-node24-investigation/node_modules/loader-runner/lib/LoaderRunner.js:373:3
    at iterateNormalLoaders (/Users/durancristhian/Repos/coronabingo-node24-investigation/node_modules/loader-runner/lib/LoaderRunner.js:214:10)
    at iterateNormalLoaders (/Users/durancristhian/Repos/coronabingo-node24-investigation/node_modules/loader-runner/lib/LoaderRunner.js:221:10)
Error: error:0308010C:digital envelope routines::unsupported
    at new Hash (node:internal/crypto/hash:103:19)
    at Object.createHash (node:crypto:146:10)
    at module.exports (/Users/durancristhian/Repos/coronabingo-node24-investigation/node_modules/next/node_modules/webpack/lib/util/createHash.js:135:53)
    at NormalModule._initBuildHash (/Users/durancristhian/Repos/coronabingo-node24-investigation/node_modules/next/node_modules/webpack/lib/NormalModule.js:417:16)
    at handleParseError (/Users/durancristhian/Repos/coronabingo-node24-investigation/node_modules/next/node_modules/webpack/lib/NormalModule.js:471:10)
    at /Users/durancristhian/Repos/coronabingo-node24-investigation/node_modules/next/node_modules/webpack/lib/NormalModule.js:503:5
    at /Users/durancristhian/Repos/coronabingo-node24-investigation/node_modules/next/node_modules/webpack/lib/NormalModule.js:358:12
    at /Users/durancristhian/Repos/coronabingo-node24-investigation/node_modules/loader-runner/lib/LoaderRunner.js:373:3
    at iterateNormalLoaders (/Users/durancristhian/Repos/coronabingo-node24-investigation/node_modules/loader-runner/lib/LoaderRunner.js:214:10)
    at iterateNormalLoaders (/Users/durancristhian/Repos/coronabingo-node24-investigation/node_modules/loader-runner/lib/LoaderRunner.js:221:10)
Error: error:0308010C:digital envelope routines::unsupported
    at new Hash (node:internal/crypto/hash:103:19)
    at Object.createHash (node:crypto:146:10)
    at module.exports (/Users/durancristhian/Repos/coronabingo-node24-investigation/node_modules/next/node_modules/webpack/lib/util/createHash.js:135:53)
    at NormalModule._initBuildHash (/Users/durancristhian/Repos/coronabingo-node24-investigation/node_modules/next/node_modules/webpack/lib/NormalModule.js:417:16)
    at handleParseError (/Users/durancristhian/Repos/coronabingo-node24-investigation/node_modules/next/node_modules/webpack/lib/NormalModule.js:471:10)
    at /Users/durancristhian/Repos/coronabingo-node24-investigation/node_modules/next/node_modules/webpack/lib/NormalModule.js:503:5
    at /Users/durancristhian/Repos/coronabingo-node24-investigation/node_modules/next/node_modules/webpack/lib/NormalModule.js:358:12
    at /Users/durancristhian/Repos/coronabingo-node24-investigation/node_modules/loader-runner/lib/LoaderRunner.js:373:3
    at iterateNormalLoaders (/Users/durancristhian/Repos/coronabingo-node24-investigation/node_modules/loader-runner/lib/LoaderRunner.js:214:10)
    at iterateNormalLoaders (/Users/durancristhian/Repos/coronabingo-node24-investigation/node_modules/loader-runner/lib/LoaderRunner.js:221:10)
Error: error:0308010C:digital envelope routines::unsupported
    at new Hash (node:internal/crypto/hash:103:19)
    at Object.createHash (node:crypto:146:10)
    at module.exports (/Users/durancristhian/Repos/coronabingo-node24-investigation/node_modules/next/node_modules/webpack/lib/util/createHash.js:135:53)
    at NormalModule._initBuildHash (/Users/durancristhian/Repos/coronabingo-node24-investigation/node_modules/next/node_modules/webpack/lib/NormalModule.js:417:16)
    at handleParseError (/Users/durancristhian/Repos/coronabingo-node24-investigation/node_modules/next/node_modules/webpack/lib/NormalModule.js:471:10)
    at /Users/durancristhian/Repos/coronabingo-node24-investigation/node_modules/next/node_modules/webpack/lib/NormalModule.js:503:5
    at /Users/durancristhian/Repos/coronabingo-node24-investigation/node_modules/next/node_modules/webpack/lib/NormalModule.js:358:12
    at /Users/durancristhian/Repos/coronabingo-node24-investigation/node_modules/loader-runner/lib/LoaderRunner.js:373:3
    at iterateNormalLoaders (/Users/durancristhian/Repos/coronabingo-node24-investigation/node_modules/loader-runner/lib/LoaderRunner.js:214:10)
    at iterateNormalLoaders (/Users/durancristhian/Repos/coronabingo-node24-investigation/node_modules/loader-runner/lib/LoaderRunner.js:221:10)
Error: error:0308010C:digital envelope routines::unsupported
    at new Hash (node:internal/crypto/hash:103:19)
    at Object.createHash (node:crypto:146:10)
    at module.exports (/Users/durancristhian/Repos/coronabingo-node24-investigation/node_modules/next/node_modules/webpack/lib/util/createHash.js:135:53)
    at NormalModule._initBuildHash (/Users/durancristhian/Repos/coronabingo-node24-investigation/node_modules/next/node_modules/webpack/lib/NormalModule.js:417:16)
    at handleParseError (/Users/durancristhian/Repos/coronabingo-node24-investigation/node_modules/next/node_modules/webpack/lib/NormalModule.js:471:10)
    at /Users/durancristhian/Repos/coronabingo-node24-investigation/node_modules/next/node_modules/webpack/lib/NormalModule.js:503:5
    at /Users/durancristhian/Repos/coronabingo-node24-investigation/node_modules/next/node_modules/webpack/lib/NormalModule.js:358:12
    at /Users/durancristhian/Repos/coronabingo-node24-investigation/node_modules/loader-runner/lib/LoaderRunner.js:373:3
    at iterateNormalLoaders (/Users/durancristhian/Repos/coronabingo-node24-investigation/node_modules/loader-runner/lib/LoaderRunner.js:214:10)
    at iterateNormalLoaders (/Users/durancristhian/Repos/coronabingo-node24-investigation/node_modules/loader-runner/lib/LoaderRunner.js:221:10)
Error: error:0308010C:digital envelope routines::unsupported
    at new Hash (node:internal/crypto/hash:103:19)
    at Object.createHash (node:crypto:146:10)
    at module.exports (/Users/durancristhian/Repos/coronabingo-node24-investigation/node_modules/next/node_modules/webpack/lib/util/createHash.js:135:53)
    at NormalModule._initBuildHash (/Users/durancristhian/Repos/coronabingo-node24-investigation/node_modules/next/node_modules/webpack/lib/NormalModule.js:417:16)
    at handleParseError (/Users/durancristhian/Repos/coronabingo-node24-investigation/node_modules/next/node_modules/webpack/lib/NormalModule.js:471:10)
    at /Users/durancristhian/Repos/coronabingo-node24-investigation/node_modules/next/node_modules/webpack/lib/NormalModule.js:503:5
    at /Users/durancristhian/Repos/coronabingo-node24-investigation/node_modules/next/node_modules/webpack/lib/NormalModule.js:358:12
    at /Users/durancristhian/Repos/coronabingo-node24-investigation/node_modules/loader-runner/lib/LoaderRunner.js:373:3
    at iterateNormalLoaders (/Users/durancristhian/Repos/coronabingo-node24-investigation/node_modules/loader-runner/lib/LoaderRunner.js:214:10)
    at iterateNormalLoaders (/Users/durancristhian/Repos/coronabingo-node24-investigation/node_modules/loader-runner/lib/LoaderRunner.js:221:10)
Error: error:0308010C:digital envelope routines::unsupported
    at new Hash (node:internal/crypto/hash:103:19)
    at Object.createHash (node:crypto:146:10)
    at module.exports (/Users/durancristhian/Repos/coronabingo-node24-investigation/node_modules/next/node_modules/webpack/lib/util/createHash.js:135:53)
    at NormalModule._initBuildHash (/Users/durancristhian/Repos/coronabingo-node24-investigation/node_modules/next/node_modules/webpack/lib/NormalModule.js:417:16)
    at handleParseError (/Users/durancristhian/Repos/coronabingo-node24-investigation/node_modules/next/node_modules/webpack/lib/NormalModule.js:471:10)
    at /Users/durancristhian/Repos/coronabingo-node24-investigation/node_modules/next/node_modules/webpack/lib/NormalModule.js:503:5
    at /Users/durancristhian/Repos/coronabingo-node24-investigation/node_modules/next/node_modules/webpack/lib/NormalModule.js:358:12
    at /Users/durancristhian/Repos/coronabingo-node24-investigation/node_modules/loader-runner/lib/LoaderRunner.js:373:3
    at iterateNormalLoaders (/Users/durancristhian/Repos/coronabingo-node24-investigation/node_modules/loader-runner/lib/LoaderRunner.js:214:10)
    at iterateNormalLoaders (/Users/durancristhian/Repos/coronabingo-node24-investigation/node_modules/loader-runner/lib/LoaderRunner.js:221:10)
node:internal/crypto/hash:103
  this[kHandle] = new _Hash(algorithm, xofLen, algorithmId, getHashCache());
                  ^

Error: error:0308010C:digital envelope routines::unsupported
    at new Hash (node:internal/crypto/hash:103:19)
    at Object.createHash (node:crypto:146:10)
    at module.exports (/Users/durancristhian/Repos/coronabingo-node24-investigation/node_modules/next/node_modules/webpack/lib/util/createHash.js:135:53)
    at NormalModule._initBuildHash (/Users/durancristhian/Repos/coronabingo-node24-investigation/node_modules/next/node_modules/webpack/lib/NormalModule.js:417:16)
    at /Users/durancristhian/Repos/coronabingo-node24-investigation/node_modules/next/node_modules/webpack/lib/NormalModule.js:452:10
    at /Users/durancristhian/Repos/coronabingo-node24-investigation/node_modules/next/node_modules/webpack/lib/NormalModule.js:323:13
    at /Users/durancristhian/Repos/coronabingo-node24-investigation/node_modules/loader-runner/lib/LoaderRunner.js:367:11
    at /Users/durancristhian/Repos/coronabingo-node24-investigation/node_modules/loader-runner/lib/LoaderRunner.js:233:18
    at context.callback (/Users/durancristhian/Repos/coronabingo-node24-investigation/node_modules/loader-runner/lib/LoaderRunner.js:111:13)
    at /Users/durancristhian/Repos/coronabingo-node24-investigation/node_modules/next/dist/compiled/babel-loader/index.js:1:3616 {
  opensslErrorStack: [
    'error:03000086:digital envelope routines::initialization error',
    'error:0308010C:digital envelope routines::unsupported'
  ],
  library: 'digital envelope routines',
  reason: 'unsupported',
  code: 'ERR_OSSL_EVP_UNSUPPORTED'
}

Node.js v24.17.0
