npm error code ERESOLVE
npm error ERESOLVE could not resolve
npm error
npm error While resolving: coronabingo@1.23.1
npm error Found: next@9.5.1
npm error node_modules/next
npm error   peer next@">= 9.3.0" from next-translate@0.14.2
npm error   node_modules/next-translate
npm error     next-translate@"^0.14.2" from the root project
npm error   next@"16.3.6" from the root project
npm error
npm error Could not resolve dependency:
npm error next@"16.3.6" from the root project
npm error
npm error Conflicting peer dependency: react@18.3.1
npm error node_modules/react
npm error   peer react@"^18.2.0 || 19.0.0-rc-de68d2f4-20241204 || ^19.0.0" from next@16.3.6
npm error   node_modules/next
npm error     next@"16.3.6" from the root project
npm error
npm error Fix the upstream dependency conflict, or retry this command with --force or --legacy-peer-deps to accept an incorrect (and potentially broken) dependency resolution.
npm error
npm error
npm error For a full report see:
npm error /Users/durancristhian/.npm/_logs/2026-09-23T15_49_04_172Z-eresolve-report.txt
npm error A complete log of this run can be found in: /Users/durancristhian/.npm/_logs/2026-09-23T15_49_04_172Z-debug-0.log
