
> coronabingo@1.23.1 prebuild
> npm run validate-locales


> coronabingo@1.23.1 validate-locales
> ts-node scripts/validate-locales

🗂  Directory /Users/durancristhian/Repos/coronabingo-node24-investigation/locales/es
----  📄 File /Users/durancristhian/Repos/coronabingo-node24-investigation/locales/es/admin.json
----  📄 File /Users/durancristhian/Repos/coronabingo-node24-investigation/locales/es/common.json
----  📄 File /Users/durancristhian/Repos/coronabingo-node24-investigation/locales/es/index.json
----  📄 File /Users/durancristhian/Repos/coronabingo-node24-investigation/locales/es/playerId.json
----  📄 File /Users/durancristhian/Repos/coronabingo-node24-investigation/locales/es/roomId.json
🗂  Directory /Users/durancristhian/Repos/coronabingo-node24-investigation/locales/en
----  📄 File /Users/durancristhian/Repos/coronabingo-node24-investigation/locales/en/admin.json
----  📄 File /Users/durancristhian/Repos/coronabingo-node24-investigation/locales/en/common.json
----  📄 File /Users/durancristhian/Repos/coronabingo-node24-investigation/locales/en/index.json
----  📄 File /Users/durancristhian/Repos/coronabingo-node24-investigation/locales/en/playerId.json
----  📄 File /Users/durancristhian/Repos/coronabingo-node24-investigation/locales/en/roomId.json
✅ es en
✅ es en admin.json
✅ es en common.json
✅ es en index.json
✅ es en playerId.json
✅ es en roomId.json

> coronabingo@1.23.1 build
> next-translate && next build --webpack

Building pages | from pages_ to pages
🔨 /admin [ 'common' ]
🔨 /eventos/[eventId]/admin [ 'common' ]
🔨 /eventos/[eventId] [ 'common' ]
🔨 / [ 'common', 'index' ]
🔨 /room/[roomId]/[playerId] [ 'common', 'playerId' ]
🔨 /room/[roomId]/admin [ 'common', 'admin' ]
🔨 /room/[roomId] [ 'common', 'roomId' ]
▲ Next.js 16.3.6 (webpack)
⚠ Invalid next.config.js options detected: 
⚠     Unrecognized key(s) in object: 'analyzeBrowser', 'analyzeServer', 'bundleAnalyzerConfig', 'future', 'serverRuntimeConfig'
⚠ See more info here: https://nextjs.org/docs/messages/invalid-next-config
✓ Running next.config.js took 21ms

  Running TypeScript ...

  We detected TypeScript in your project and reconfigured your tsconfig.json file for you.
  The following suggested values were added to your tsconfig.json. These values can be changed to fit your project's needs:

  	- incremental was set to true

  The following mandatory changes were made to your tsconfig.json:

  	- moduleResolution was set to bundler (to match modern bundler resolution)
  	- jsx was set to react-jsx (next.js uses the React automatic runtime)

components/OptionTab.tsx(30,10): error TS2786: 'Icon' cannot be used as a JSX component.
  Its type 'Function' is not a valid JSX element type.
components/RoundedButton.tsx(39,19): error TS2786: 'Icon' cannot be used as a JSX component.
  Its type 'Function' is not a valid JSX element type.
interfaces/custom/ErrorInfo.ts(2,3): error TS2411: Property 'componentStack' of type 'string | null | undefined' is not assignable to 'string' index type 'string'.
interfaces/custom/ErrorInfo.ts(2,3): error TS2411: Property 'digest' of type 'string | null | undefined' is not assignable to 'string' index type 'string'.
pages/_app.tsx(42,5): error TS2722: Cannot invoke an object which is possibly 'undefined'.
pages_/_app.tsx(42,5): error TS2722: Cannot invoke an object which is possibly 'undefined'.
pages_/eventos/[eventId].tsx(112,22): error TS18046: 'error' is of type 'unknown'.
polyfills/promise-finally.ts(6,10): error TS2790: The operand of a 'delete' operator must be optional.
scripts/generate-tickets.ts(84,23): error TS18046: 'e' is of type 'unknown'.
scripts/generate-tickets.ts(98,21): error TS18046: 'e' is of type 'unknown'.
utils/telegram.ts(23,16): error TS18046: 'error' is of type 'unknown'.
Failed to type check.

