▲ Next.js 16.3.6 (webpack)
✓ Running next.config.js took 77ms

  Running TypeScript ...
  Finished TypeScript in 0ms ...
  Creating an optimized production build ...
✓ Compiled successfully in 278ms
  Collecting page data using 6 workers ...
  Generating static pages using 6 workers (0/6) ...
next-translate - compiled page: / - locale: es - namespaces: common, index, roomId - used loader: getStaticProps
next-translate - compiled page: / - locale: en - namespaces: common, index, roomId - used loader: getStaticProps
  Generating static pages using 6 workers (1/6) 
  Generating static pages using 6 workers (2/6) 
  Generating static pages using 6 workers (4/6) 
✓ Generating static pages using 6 workers (6/6) in 120ms
  Finalizing page optimization ...
  Collecting build traces ...

Route (pages)
┌ ● /
├   /_app
├ ○ /404
└ ƒ /room/[roomId]

○  (Static)   prerendered as static content
●  (SSG)      prerendered as static HTML (uses getStaticProps)
ƒ  (Dynamic)  server-rendered on demand

