npm warn deprecated @types/classnames@2.3.1: This is a stub types definition. classnames provides its own type definitions, so you do not need this installed.
npm warn deprecated har-validator@5.1.5: this library is no longer supported
npm warn deprecated axios@0.5.4: Critical security vulnerability fixed in v0.21.1. For more information, see https://github.com/axios/axios/pull/3410
npm warn deprecated highlight.js@9.18.5: Support has ended for 9.x series. Upgrade to @latest
npm warn deprecated eslint@9.39.5: This version is no longer supported. Please see https://eslint.org/version-support for other options.

added 1205 packages, and audited 1206 packages in 12s

224 packages are looking for funding
  run `npm fund` for details

91 vulnerabilities (5 low, 32 moderate, 43 high, 11 critical)

To address issues that do not require attention, run:
  npm audit fix

To address all issues (including breaking changes), run:
  npm audit fix --force

Run `npm audit` for details.
npm warn install-scripts 7 packages have install scripts not yet covered by allowScripts:
npm warn install-scripts   core-js@3.6.5 (postinstall: node -e "try{require('./postinstall')}catch(e){}")
npm warn install-scripts   cypress@4.12.1 (postinstall: node index.js --exec install)
npm warn install-scripts   ejs@2.7.4 (postinstall: node ./postinstall.js)
npm warn install-scripts   highlight.js@9.18.5 (postinstall: node deprecated.js)
npm warn install-scripts   husky@4.3.8 (install: node husky install; postinstall: opencollective-postinstall || exit 0)
npm warn install-scripts   next-translate-plugin@3.0.0 (postinstall: node ./postinstall-message.js)
npm warn install-scripts   protobufjs@6.10.2 (postinstall: node scripts/postinstall)
npm warn install-scripts
npm warn install-scripts Run `npm install-scripts ls` to review, or `npm install-scripts approve <pkg>` to allow.
