coronabingo@1.23.1 /private/tmp/coronabingo-node24-clean-20260923
├── @ctrl/react-adsense@1.3.1
├── @fullhuman/postcss-purgecss@2.3.0
├── @next/bundle-analyzer@16.3.6
├── @packtracker/webpack-plugin@2.3.0
├── @sentry/browser@5.30.0
├── @svgr/webpack@5.5.0
├── @types/classnames@2.3.1
├── @types/gsheets@2.0.0
├── @types/markdown-it@10.0.3
├── @types/node@24.13.6
├── @types/react-copy-to-clipboard@4.3.0
├── @types/react-dom@18.3.7
├── @types/react-modal@3.12.0
├── @types/react-tabs@2.3.2
├── @types/react@18.3.31
├── @types/zipcelx@1.5.0
├── @typescript-eslint/eslint-plugin@8.70.1
├── @typescript-eslint/parser@8.70.1
├── autoprefixer@9.8.6
├── classnames@2.3.1
├── cypress@4.12.1
├── date-fns@2.21.1
├── dotenv@8.2.0
├── eslint-config-prettier@10.1.8
├── eslint-import-resolver-typescript@2.4.0
├── eslint-plugin-jsx-a11y@6.10.2
├── eslint-plugin-prettier@3.4.0
├── eslint-plugin-react@7.37.5
├── eslint@9.39.5
├── firebase@7.24.0
├── gray-matter@4.0.2
├── gsheets@1.2.3
├── husky@4.3.8
├── knuth-shuffle@1.0.8
├── lint-staged@10.5.4
├── markdown-it@11.0.1
├── next-translate-plugin@3.0.0
├── next-translate@3.0.0
├── next@16.3.6
├── pdf-parse@1.1.1
├── postcss-import@12.0.1
├── prettier@1.19.1
├── react-copy-to-clipboard@5.1.1
├── react-dom@18.3.1
├── react-icons@3.11.0
├── react-markdown-editor-lite@1.4.2
├── react-markdown@6.0.3
├── react-modal@3.16.3
├── react-tabs@4.2.1
├── react-toastify@5.5.0
├── react-tweet-embed@1.2.2
├── react-youtube@7.13.1
├── react@18.3.1
├── slugify@1.5.0
├── start-server-and-test@1.12.1
├── swr@1.3.0
├── tailwindcss@1.9.6
├── ts-node@8.10.2
├── typescript@5.9.3
├── webpack@5.111.1
└── zipcelx@1.6.2

