
> coronabingo@1.23.1 validate-locales
> ts-node --project tsconfig.scripts.json scripts/validate-locales

🗂  Directory <isolated-checkout>/locales/es
----  📄 File <isolated-checkout>/locales/es/admin.json
----  📄 File <isolated-checkout>/locales/es/common.json
----  📄 File <isolated-checkout>/locales/es/index.json
----  📄 File <isolated-checkout>/locales/es/playerId.json
----  📄 File <isolated-checkout>/locales/es/roomId.json
🗂  Directory <isolated-checkout>/locales/en
----  📄 File <isolated-checkout>/locales/en/admin.json
----  📄 File <isolated-checkout>/locales/en/common.json
----  📄 File <isolated-checkout>/locales/en/index.json
----  📄 File <isolated-checkout>/locales/en/playerId.json
----  📄 File <isolated-checkout>/locales/en/roomId.json
✅ es en
✅ es en admin.json
✅ es en common.json
✅ es en index.json
✅ es en playerId.json
✅ es en roomId.json
