
> coronabingo@1.23.1 prebuild
> npm run validate-locales


> coronabingo@1.23.1 validate-locales
> ts-node --project tsconfig.scripts.json scripts/validate-locales

🗂  Directory /private/tmp/coronabingo-perf01-mCfNNM/locales/es
----  📄 File /private/tmp/coronabingo-perf01-mCfNNM/locales/es/admin.json
----  📄 File /private/tmp/coronabingo-perf01-mCfNNM/locales/es/common.json
----  📄 File /private/tmp/coronabingo-perf01-mCfNNM/locales/es/index.json
----  📄 File /private/tmp/coronabingo-perf01-mCfNNM/locales/es/playerId.json
----  📄 File /private/tmp/coronabingo-perf01-mCfNNM/locales/es/roomId.json
🗂  Directory /private/tmp/coronabingo-perf01-mCfNNM/locales/en
----  📄 File /private/tmp/coronabingo-perf01-mCfNNM/locales/en/admin.json
----  📄 File /private/tmp/coronabingo-perf01-mCfNNM/locales/en/common.json
----  📄 File /private/tmp/coronabingo-perf01-mCfNNM/locales/en/index.json
----  📄 File /private/tmp/coronabingo-perf01-mCfNNM/locales/en/playerId.json
----  📄 File /private/tmp/coronabingo-perf01-mCfNNM/locales/en/roomId.json
✅ es en
✅ es en admin.json
✅ es en common.json
✅ es en index.json
✅ es en playerId.json
✅ es en roomId.json

> coronabingo@1.23.1 build
> next build --webpack

▲ Next.js 16.3.6 (webpack)
- Environments: .env
✓ Running next.config.js took 71ms

  Running TypeScript ...
  Finished TypeScript in 748ms ...
  Creating an optimized production build ...

warn - Tailwind is not purging unused styles because no template paths have been provided.
warn - If you have manually configured PurgeCSS outside of Tailwind or are deliberately not removing unused styles, set `purge: false` in your Tailwind config file to silence this warning.
warn - https://tailwindcss.com/docs/controlling-file-size/#removing-unused-css
✓ Compiled successfully in 2.1s
  Collecting page data using 8 workers ...
  Generating static pages using 8 workers (0/6) ...
next-translate - compiled page: / - locale: es - namespaces: common, index - used loader: getStaticProps
next-translate - compiled page: / - locale: en - namespaces: common, index - used loader: getStaticProps
  Generating static pages using 8 workers (1/6)
  Generating static pages using 8 workers (2/6)
  Generating static pages using 8 workers (4/6)
✓ Generating static pages using 8 workers (6/6) in 187ms
  Finalizing page optimization ...
  Collecting build traces ...

Route (pages)
┌ ● /
├   /_app
├ ○ /404
├ ƒ /room/[roomId]
├ ƒ /room/[roomId]/[playerId]
└ ƒ /room/[roomId]/admin

○  (Static)   prerendered as static content
●  (SSG)      prerendered as static HTML (uses getStaticProps)
ƒ  (Dynamic)  server-rendered on demand
