Vercel CLI 56.4.1 (Node.js 24.17.0)
Fetching deployment "dpl_GKYM5yyNvQVWUACYPdakN8wGLkiu" in cristhian-durans-projects-3ace6550
2026-09-23T17:11:14.145Z  Running build in Washington, D.C., USA (East) – iad1
2026-09-23T17:11:14.146Z  Build machine configuration: 2 cores, 8 GB
2026-09-23T17:11:14.294Z  Cloning github.com/durancristhian/coronabingo (Branch: migrate/node24-ci, Commit: 47918fc)
2026-09-23T17:11:15.057Z  Cloning completed: 763.000ms
2026-09-23T17:11:15.655Z  Restored build cache from previous deployment (FRafAQLZ2ntwaTRA5wP5TV5aLHGW)
2026-09-23T17:11:16.269Z  Running "vercel build"
2026-09-23T17:11:16.570Z  Warning: Due to "engines": { "node": "24.x" } in your `package.json` file, the Node.js Version defined in your Project Settings ("12.x") will not apply, Node.js Version "24.x" will be used instead. Learn More: https://vercel.link/node-version
2026-09-23T17:11:16.597Z  Installing dependencies...
2026-09-23T17:11:19.386Z  
2026-09-23T17:11:19.386Z  removed 74 packages in 2s
2026-09-23T17:11:19.386Z  
2026-09-23T17:11:19.386Z  224 packages are looking for funding
2026-09-23T17:11:19.386Z  run `npm fund` for details
2026-09-23T17:11:19.388Z  npm warn allow-scripts 6 packages have install scripts not yet covered by allowScripts:
2026-09-23T17:11:19.388Z  npm warn allow-scripts   core-js@3.6.5 (postinstall: node -e "try{require('./postinstall')}catch(e){}")
2026-09-23T17:11:19.389Z  npm warn allow-scripts   cypress@4.12.1 (postinstall: node index.js --exec install)
2026-09-23T17:11:19.389Z  npm warn allow-scripts   highlight.js@9.18.5 (postinstall: node deprecated.js)
2026-09-23T17:11:19.390Z  npm warn allow-scripts   husky@4.3.8 (install: node husky install; postinstall: opencollective-postinstall || exit 0)
2026-09-23T17:11:19.390Z  npm warn allow-scripts   next-translate-plugin@3.0.0 (postinstall: node ./postinstall-message.js)
2026-09-23T17:11:19.390Z  npm warn allow-scripts   protobufjs@6.10.2 (postinstall: node scripts/postinstall)
2026-09-23T17:11:19.390Z  npm warn allow-scripts
2026-09-23T17:11:19.390Z  npm warn allow-scripts Run `npm approve-scripts --allow-scripts-pending` to review, or `npm approve-scripts <pkg>` to allow.
2026-09-23T17:11:19.427Z  Detected Next.js version: 16.3.6
2026-09-23T17:11:19.428Z  Running "npm run build"
2026-09-23T17:11:19.556Z  
2026-09-23T17:11:19.556Z  > coronabingo@1.23.1 prebuild
2026-09-23T17:11:19.557Z  > npm run validate-locales
2026-09-23T17:11:19.557Z  
2026-09-23T17:11:19.686Z  
2026-09-23T17:11:19.687Z  > coronabingo@1.23.1 validate-locales
2026-09-23T17:11:19.687Z  > ts-node --project tsconfig.scripts.json scripts/validate-locales
2026-09-23T17:11:19.687Z  
2026-09-23T17:11:21.746Z  🗂  Directory /vercel/path0/locales/es
2026-09-23T17:11:21.750Z  ----  📄 File /vercel/path0/locales/es/admin.json
2026-09-23T17:11:21.751Z  ----  📄 File /vercel/path0/locales/es/common.json
2026-09-23T17:11:21.751Z  ----  📄 File /vercel/path0/locales/es/index.json
2026-09-23T17:11:21.751Z  ----  📄 File /vercel/path0/locales/es/playerId.json
2026-09-23T17:11:21.751Z  ----  📄 File /vercel/path0/locales/es/roomId.json
2026-09-23T17:11:21.751Z  🗂  Directory /vercel/path0/locales/en
2026-09-23T17:11:21.751Z  ----  📄 File /vercel/path0/locales/en/admin.json
2026-09-23T17:11:21.751Z  ----  📄 File /vercel/path0/locales/en/common.json
2026-09-23T17:11:21.751Z  ----  📄 File /vercel/path0/locales/en/index.json
2026-09-23T17:11:21.751Z  ----  📄 File /vercel/path0/locales/en/playerId.json
2026-09-23T17:11:21.751Z  ----  📄 File /vercel/path0/locales/en/roomId.json
2026-09-23T17:11:21.751Z  ✅ es en
2026-09-23T17:11:21.752Z  ✅ es en admin.json
2026-09-23T17:11:21.752Z  ✅ es en common.json
2026-09-23T17:11:21.752Z  ✅ es en index.json
2026-09-23T17:11:21.752Z  ✅ es en playerId.json
2026-09-23T17:11:21.752Z  ✅ es en roomId.json
2026-09-23T17:11:21.999Z  
2026-09-23T17:11:21.999Z  > coronabingo@1.23.1 build
2026-09-23T17:11:21.999Z  > next build --webpack
2026-09-23T17:11:21.999Z  
2026-09-23T17:11:22.704Z  ▲ Next.js 16.3.6 (webpack)
2026-09-23T17:11:23.122Z  Applying modifyConfig from Vercel
2026-09-23T17:11:23.125Z  ✓ Running next.config.js took 420ms
2026-09-23T17:11:23.267Z  
2026-09-23T17:11:23.298Z  Running TypeScript ...
2026-09-23T17:11:26.739Z  Finished TypeScript in 3.4s ...
2026-09-23T17:11:26.743Z  Creating an optimized production build ...
2026-09-23T17:11:35.951Z  
2026-09-23T17:11:35.952Z  warn - Tailwind is not purging unused styles because no template paths have been provided.
2026-09-23T17:11:35.952Z  warn - If you have manually configured PurgeCSS outside of Tailwind or are deliberately not removing unused styles, set `purge: false` in your Tailwind config file to silence this warning.
2026-09-23T17:11:35.954Z  warn - https://tailwindcss.com/docs/controlling-file-size/#removing-unused-css
2026-09-23T17:11:41.637Z  ✓ Compiled successfully in 14.3s
2026-09-23T17:11:41.641Z  Collecting page data using 1 worker ...
2026-09-23T17:11:42.994Z  Generating static pages using 1 worker (0/8) ...
2026-09-23T17:11:43.129Z  next-translate - compiled page: /admin - locale: es - namespaces: common - used loader: getStaticProps
2026-09-23T17:11:43.130Z  next-translate - compiled page: /admin - locale: en - namespaces: common - used loader: getStaticProps
2026-09-23T17:11:43.130Z  next-translate - compiled page: / - locale: es - namespaces: common, index - used loader: getStaticProps
2026-09-23T17:11:43.130Z  next-translate - compiled page: / - locale: en - namespaces: common, index - used loader: getStaticProps
2026-09-23T17:11:43.186Z  Generating static pages using 1 worker (2/8)
2026-09-23T17:11:43.187Z  Generating static pages using 1 worker (4/8)
2026-09-23T17:11:43.188Z  Generating static pages using 1 worker (6/8)
2026-09-23T17:11:43.188Z  ✓ Generating static pages using 1 worker (8/8) in 194ms
2026-09-23T17:11:43.251Z  Finalizing page optimization ...
2026-09-23T17:11:43.252Z  Collecting build traces ...
2026-09-23T17:11:56.618Z  Running onBuildComplete from Vercel
2026-09-23T17:11:56.736Z  Warning: Due to "engines": { "node": "24.x" } in your `package.json` file, the Node.js Version defined in your Project Settings ("12.x") will not apply, Node.js Version "24.x" will be used instead. Learn More: https://vercel.link/node-version
2026-09-23T17:11:56.994Z  
2026-09-23T17:11:56.998Z  Route (pages)
2026-09-23T17:11:56.998Z  ┌ ● /
2026-09-23T17:11:56.998Z  ├   /_app
2026-09-23T17:11:56.998Z  ├ ○ /404
2026-09-23T17:11:56.998Z  ├ ● /admin
2026-09-23T17:11:56.998Z  ├ ƒ /eventos/[eventId]
2026-09-23T17:11:56.999Z  ├ ƒ /eventos/[eventId]/admin
2026-09-23T17:11:56.999Z  ├ ƒ /room/[roomId]
2026-09-23T17:11:56.999Z  ├ ƒ /room/[roomId]/[playerId]
2026-09-23T17:11:56.999Z  └ ƒ /room/[roomId]/admin
2026-09-23T17:11:56.999Z  
2026-09-23T17:11:56.999Z  ○  (Static)   prerendered as static content
2026-09-23T17:11:56.999Z  ●  (SSG)      prerendered as static HTML (uses getStaticProps)
2026-09-23T17:11:56.999Z  ƒ  (Dynamic)  server-rendered on demand
2026-09-23T17:11:56.999Z  
2026-09-23T17:11:57.350Z  Build Completed in /vercel/output [41s]
2026-09-23T17:11:57.386Z  Deploying outputs...
2026-09-23T17:12:04.313Z  Deployment completed
2026-09-23T17:12:04.318Z  Creating build cache...
2026-09-23T17:12:21.242Z  Created build cache: 17s
2026-09-23T17:12:21.242Z  Uploading build cache [190.44 MB]
2026-09-23T17:12:23.859Z  Build cache uploaded: 2.617s
status	● Ready
